The ''2-matrix_divided'' module
============================

Using ''matrix_divided''
---------------------
>>> matrix_divided = __import__('2-matrix_divided').matrix_divided
>>> matrix_divided([[1,2,3],[4,5,6]], 2)
[[0.5, 1.0, 1.5], [2.0, 2.5, 3.0]]
>>> matrix_divided([[1,2,3],[4,5,6]], 2.0)
[[0.5, 1.0, 1.5], [2.0, 2.5, 3.0]]
>>> matrix_divided([[1,2,3],['h','u','m']], 4)
Traceback (most recent call last):
TypeError: matrix must be a matrix (list of lists) of integers/floats
>>> matrix_divided('Niko poa', 5)
Traceback (most recent call last):
TypeError: matrix must be a matrix (list of lists) of integers/floats
